股票: 5476 只
补充行业映射: 114 只（并行获取）...
  ✅ 共 5471 只股票有行业映射（成功 109/114）
行业映射: 5471 只
指数: 上证指数, 深证成指, 创业板指, 科创50, 沪深300, 上证50, 中证500
采集个股 (5476 只)...
  [800/5476] +800 | 交易中 713
  [1600/5476] +800 | 交易中 1484
  [2400/5476] +800 | 交易中 2277
  [3200/5476] +800 | 交易中 3076
  [4000/5476] +800 | 交易中 3876
  [4800/5476] +798 | 交易中 4674
  [5476/5476] +676 | 交易中 5350
✅ 20260604
   个股: 5474 (交易中 5350) | 快照 169KB
   涨跌: ↑1313 ↓3882 (比 0.34) | 涨停94 跌停13
   上证: 4057.7811 (-0.64%)
   板块: 109 个 | 最强 电子化学品
股票: 5476 只
ETF: 3059 只
补充行业映射: 5 只（并行获取）...
  ✅ 共 5473 只股票有行业映射（成功 2/5）
行业映射: 5473 只
指数: 上证指数, 深证成指, 创业板指, 科创50, 沪深300, 上证50, 中证500
采集个股 (5476 只)...
  [800/5476] +800 | 交易中 713
  [1600/5476] +800 | 交易中 1485
  [2400/5476] +800 | 交易中 2279
  [3200/5476] +800 | 交易中 3078
  [4000/5476] +800 | 交易中 3878
  [4800/5476] +798 | 交易中 4676
  [5476/5476] +676 | 交易中 5352
采集 ETF (3059 只)...
  [800/3059] +800 | 交易中 748
  [1600/3059] +800 | 交易中 1352
  [2400/3059] +800 | 交易中 2094
  [3059/3059] +659 | 交易中 2681
  补充净值信息 (2681 只)...
    净值进度: 200/2681
    净值进度: 400/2681
    净值进度: 600/2681
    净值进度: 800/2681
    净值进度: 1000/2681
    净值进度: 1200/2681
    净值进度: 1400/2681
    净值进度: 1600/2681
    净值进度: 1800/2681
    净值进度: 2000/2681
    净值进度: 2200/2681
    净值进度: 2400/2681
    净值进度: 2600/2681
  净值: 1618/2681 只
✅ 20260605
   个股: 5474 (交易中 5352) | 快照 225KB
   涨跌: ↑3001 ↓2118 (比 1.42) | 涨停84 跌停20
   ETF: 3059 (交易中 2681) | 快照 93KB
   ETF 净值: 1618 只 | 溢价率中位数 -1.17%
   上证: 4027.7362 (-0.74%)
   板块: 109 个 | 最强 教育
K线全量回填: 8535 只标的
  K线进度: 100/8535 (成功 100, 失败 0)
  K线进度: 200/8535 (成功 200, 失败 0)
  K线进度: 300/8535 (成功 300, 失败 0)
  K线进度: 400/8535 (成功 400, 失败 0)
  K线进度: 500/8535 (成功 500, 失败 0)
  K线进度: 600/8535 (成功 599, 失败 1)
  K线进度: 700/8535 (成功 699, 失败 1)
  K线进度: 800/8535 (成功 799, 失败 1)
  K线进度: 900/8535 (成功 899, 失败 1)
  K线进度: 1000/8535 (成功 999, 失败 1)
  K线进度: 1100/8535 (成功 1099, 失败 1)
  K线进度: 1200/8535 (成功 1199, 失败 1)
  K线进度: 1300/8535 (成功 1299, 失败 1)
  K线进度: 1400/8535 (成功 1398, 失败 2)
    新浪限流 002790，等待 10s...
    新浪限流 002790，等待 20s...
    新浪限流 002790，等待 40s...
    新浪限流 002790，等待 80s...
    新浪限流 002791，等待 10s...
    新浪限流 002791，等待 20s...
    新浪限流 002791，等待 40s...
    新浪限流 002791，等待 80s...
    新浪限流 002851，等待 10s...
    新浪限流 002851，等待 20s...
    新浪限流 002851，等待 40s...
    新浪限流 002851，等待 80s...
    新浪限流 002852，等待 10s...
    新浪限流 002852，等待 20s...
    新浪限流 002852，等待 40s...
    新浪限流 002852，等待 80s...
    新浪限流 002889，等待 10s...
    新浪限流 002889，等待 20s...
    新浪限流 002889，等待 40s...
    新浪限流 002889，等待 80s...
    新浪限流 002890，等待 10s...
    新浪限流 002890，等待 20s...
    新浪限流 002890，等待 40s...
    新浪限流 002890，等待 80s...
  K线进度: 1500/8535 (成功 1492, 失败 8)
    新浪限流 002908，等待 10s...
    新浪限流 002908，等待 20s...
    新浪限流 002908，等待 40s...
    新浪限流 002908，等待 80s...
    新浪限流 002909，等待 10s...
    新浪限流 002909，等待 20s...
    新浪限流 002909，等待 40s...
    新浪限流 002909，等待 80s...
